predict-val:   0%|          | 0/24 [00:00<?, ?sample/s]predict-val:   8%|▊         | 2/24 [00:00<00:02, 10.44sample/s]predict-val:  17%|█▋        | 4/24 [00:00<00:01, 12.02sample/s]predict-val:  29%|██▉       | 7/24 [00:00<00:01, 16.31sample/s]predict-val:  38%|███▊      | 9/24 [00:00<00:00, 16.35sample/s]predict-val:  46%|████▌     | 11/24 [00:00<00:00, 15.58sample/s]predict-val:  54%|█████▍    | 13/24 [00:00<00:00, 16.03sample/s]predict-val:  62%|██████▎   | 15/24 [00:00<00:00, 17.00sample/s]predict-val:  71%|███████   | 17/24 [00:01<00:00, 10.63sample/s]predict-val:  83%|████████▎ | 20/24 [00:01<00:00, 13.49sample/s]predict-val:  96%|█████████▌| 23/24 [00:01<00:00, 16.06sample/s]predict-val: 100%|██████████| 24/24 [00:02<00:00, 11.93sample/s]
{
  "threshold": 0.9,
  "iou": 0.7170857336496103,
  "seg_acc": 0.8076054101914328,
  "pd": 0.8097438051238975,
  "fa": 0.0001525642526742518,
  "tp": 52903,
  "fp": 8269,
  "fn": 12603,
  "gt_positive": 65506,
  "pred_positive": 61172,
  "total_events": 1424330,
  "version": "v3.1.3",
  "seed": 316,
  "max_events_num": 50000,
  "input_channel": 8,
  "ablation": "no_patchattention"
}
free(): invalid pointer
