{
  "comparison": "v4.5.0 vs v4.3.4 vs v4.3.3 vs v4.2.0 vs v3.1.3 vs v2.1.0",
  "generated_at": "2026-07-28",
  "metrics_direction": {
    "iou": "higher_better",
    "seg_acc": "higher_better",
    "pd": "higher_better",
    "fa": "lower_better"
  },
  "rows": [
    {
      "version": "v4.5.0",
      "work_point": "recommended@0.90",
      "label": "v4.5.0 fixed train-set input normalization",
      "source_version": "v4.5.0",
      "threshold": 0.9,
      "iou": 0.7124943906660683,
      "seg_acc": 0.8483345037095839,
      "pd": 0.8362032759344813,
      "fa": 0.00024329694979336944,
      "tp": 55571,
      "fp": 12489,
      "fn": 9935,
      "pred_positive": 68060,
      "gt_positive": 65506,
      "total_events": 1424330,
      "max_events_num": 50000,
      "input_channel": 8,
      "optimizer": "Adam",
      "epochs": 50,
      "submission_validation_status": "ok",
      "submission_txt_count": 24,
      "notes": "Fixed train-set statistics normalize [x,y,t,p,d,L*,C,T].",
      "delta_iou_vs_v450": 0.0,
      "delta_seg_acc_vs_v450": 0.0,
      "delta_pd_vs_v450": 0.0,
      "delta_fa_vs_v450": 0.0
    },
    {
      "version": "v4.5.0",
      "work_point": "best-IoU@0.80",
      "label": "v4.5.0 best-IoU threshold",
      "source_version": "v4.5.0",
      "threshold": 0.8,
      "iou": 0.7206513823669739,
      "seg_acc": 0.8762098128415717,
      "pd": 0.8698026039479211,
      "fa": 0.00034665667565115415,
      "tp": 57397,
      "fp": 14140,
      "fn": 8109,
      "pred_positive": 71537,
      "gt_positive": 65506,
      "total_events": 1424330,
      "max_events_num": 50000,
      "input_channel": 8,
      "optimizer": "Adam",
      "epochs": 50,
      "submission_validation_status": "not_submitted",
      "submission_txt_count": "",
      "notes": "Highest IoU point from v4.5.0 threshold scan.",
      "delta_iou_vs_v450": 0.008156991700905558,
      "delta_seg_acc_vs_v450": 0.02787530913198788,
      "delta_pd_vs_v450": 0.03359932801343979,
      "delta_fa_vs_v450": 0.00010335972585778471
    },
    {
      "version": "v4.3.4",
      "work_point": "best-IoU@0.85",
      "label": "v4.3.4 best-IoU threshold tune",
      "source_version": "v4.3.3",
      "threshold": 0.85,
      "iou": 0.7469500972813798,
      "seg_acc": 0.8673861936311178,
      "pd": 0.8435531289374213,
      "fa": 0.00034018021276454544,
      "tp": 56819,
      "fp": 10562,
      "fn": 8687,
      "pred_positive": 67381,
      "gt_positive": 65506,
      "total_events": 1424330,
      "max_events_num": 50000,
      "input_channel": 8,
      "optimizer": "Adam",
      "epochs": 0,
      "submission_validation_status": "not_submitted",
      "submission_txt_count": "",
      "notes": "Highest IoU in this comparison; FA increases versus v4.3.3@0.90.",
      "delta_iou_vs_v450": 0.0344557066153115,
      "delta_seg_acc_vs_v450": 0.019051689921533943,
      "delta_pd_vs_v450": 0.007349853002939999,
      "delta_fa_vs_v450": 9.6883262971176e-05
    },
    {
      "version": "v4.3.4",
      "work_point": "recommended@0.92",
      "label": "v4.3.4 recommended low-FA threshold tune",
      "source_version": "v4.3.3",
      "threshold": 0.92,
      "iou": 0.7404451682953311,
      "seg_acc": 0.8328397398711569,
      "pd": 0.7988240235195296,
      "fa": 0.00020510478004438836,
      "tp": 54556,
      "fp": 8174,
      "fn": 10950,
      "pred_positive": 62730,
      "gt_positive": 65506,
      "total_events": 1424330,
      "max_events_num": 50000,
      "input_channel": 8,
      "optimizer": "Adam",
      "epochs": 0,
      "submission_validation_status": "ok",
      "submission_txt_count": 24,
      "notes": "Recommended deployable work point: lower FA than v4.3.3 and validated submission, with modest IoU/PD tradeoff.",
      "delta_iou_vs_v450": 0.02795077762926279,
      "delta_seg_acc_vs_v450": -0.015494763838426961,
      "delta_pd_vs_v450": -0.03737925241495166,
      "delta_fa_vs_v450": -3.819216974898108e-05
    },
    {
      "version": "v4.3.3",
      "work_point": "baseline@0.90",
      "label": "Trajectory Direction Head",
      "source_version": "",
      "threshold": 0.9,
      "iou": 0.745085128398081,
      "seg_acc": 0.846441547339175,
      "pd": 0.8152036959260814,
      "fa": 0.00024217408637432794,
      "tp": 55447,
      "fp": 8911,
      "fn": 10059,
      "pred_positive": 64358,
      "gt_positive": 65506,
      "total_events": 1424330,
      "max_events_num": 50000,
      "input_channel": 8,
      "optimizer": "Adam",
      "epochs": 50,
      "submission_validation_status": "ok",
      "submission_txt_count": 24,
      "notes": "Training architecture baseline reused by v4.3.4.",
      "delta_iou_vs_v450": 0.03259073773201271,
      "delta_seg_acc_vs_v450": -0.0018929563704088714,
      "delta_pd_vs_v450": -0.020999580008399854,
      "delta_fa_vs_v450": -1.122863419041498e-06
    },
    {
      "version": "v4.2.0",
      "work_point": "baseline@0.90",
      "label": "Bottleneck Direction Aggregation skipped",
      "source_version": "",
      "threshold": 0.9,
      "iou": 0.5906226853495946,
      "seg_acc": 0.888620889689494,
      "pd": 0.863922721545569,
      "fa": 0.00018397480140427256,
      "tp": 58210,
      "fp": 33051,
      "fn": 7296,
      "pred_positive": 91261,
      "gt_positive": 65506,
      "total_events": 1424330,
      "max_events_num": 50000,
      "input_channel": 8,
      "optimizer": "Adam",
      "epochs": 50,
      "submission_validation_status": "ok",
      "submission_txt_count": 24,
      "notes": "Highest seg_acc and PD among listed baselines, but IoU far below v4.3.3/v4.3.4.",
      "delta_iou_vs_v450": -0.12187170531647373,
      "delta_seg_acc_vs_v450": 0.04028638597991019,
      "delta_pd_vs_v450": 0.027719445611087745,
      "delta_fa_vs_v450": -5.932214838909688e-05
    },
    {
      "version": "v3.1.3",
      "work_point": "baseline@0.90",
      "label": "no-patchattention EV-SpSegNet",
      "source_version": "",
      "threshold": 0.9,
      "iou": 0.7170857336496103,
      "seg_acc": 0.8076054101914328,
      "pd": 0.8097438051238975,
      "fa": 0.0001525642526742518,
      "tp": 52903,
      "fp": 8269,
      "fn": 12603,
      "pred_positive": 61172,
      "gt_positive": 65506,
      "total_events": 1424330,
      "max_events_num": 50000,
      "input_channel": 8,
      "optimizer": "Adam",
      "epochs": 50,
      "submission_validation_status": "ok",
      "submission_txt_count": 24,
      "notes": "Strong low-FA 8-channel baseline; lower IoU than v4.3.3/v4.3.4.",
      "delta_iou_vs_v450": 0.004591342983541913,
      "delta_seg_acc_vs_v450": -0.040729093518151016,
      "delta_pd_vs_v450": -0.02645947081058375,
      "delta_fa_vs_v450": -9.073269711911764e-05
    },
    {
      "version": "v2.1.0",
      "work_point": "baseline",
      "label": "v002_slope_0p005 improvement suite",
      "source_version": "",
      "threshold": null,
      "iou": 0.652904051277635,
      "seg_acc": 0.8101547949806125,
      "pd": 0.8628727425451491,
      "fa": 0.00010876072853037739,
      "tp": "",
      "fp": "",
      "fn": "",
      "pred_positive": "",
      "gt_positive": 65506,
      "total_events": "",
      "max_events_num": 20000,
      "input_channel": 4,
      "optimizer": "Adam",
      "epochs": 50,
      "submission_validation_status": "ok",
      "submission_txt_count": 24,
      "notes": "Lowest FA overall; 4-channel baseline remains useful for low false-alarm reference.",
      "delta_iou_vs_v450": -0.05959033938843339,
      "delta_seg_acc_vs_v450": -0.03817970872897136,
      "delta_pd_vs_v450": 0.026669466610667825,
      "delta_fa_vs_v450": -0.00013453622126299205
    }
  ],
  "best": {
    "iou": "v4.3.4",
    "seg_acc": "v4.2.0",
    "pd": "v4.5.0",
    "fa": "v2.1.0"
  },
  "conclusion": "v4.5.0 recommended threshold=0.90, IoU=0.712494, FA=0.000243297; comparison uses the same validation protocol as v4.3.4.",
  "artifact_paths": {
    "csv": "/root/EV-UAV/log/versions/v4.5.0-input-normalization/charts/v450_v434_v433_v420_v313_v210_comparison.csv",
    "json": "/root/EV-UAV/log/versions/v4.5.0-input-normalization/charts/v450_v434_v433_v420_v313_v210_comparison.json",
    "markdown": "/root/EV-UAV/log/versions/v4.5.0-input-normalization/charts/v450_v434_v433_v420_v313_v210_comparison.md",
    "svg": "/root/EV-UAV/log/versions/v4.5.0-input-normalization/charts/v450_v434_v433_v420_v313_v210_comparison.svg"
  }
}
