{
  "status": "ok",
  "stats_path": "/root/EV-UAV/log/versions/v4.5.0-input-normalization/cache/v450_input_stats.json",
  "sample_count": 99,
  "event_count": 9324544,
  "channels": [
    {
      "name": "x",
      "mean": 0.4720335900783539,
      "std": 0.2667821943759918,
      "min": 0.0,
      "max": 0.9801136255264282,
      "p01": 0.011363636702299118,
      "p99": 0.9659090638160706,
      "count": 9324544
    },
    {
      "name": "y",
      "mean": 0.43849533796310425,
      "std": 0.2670128345489502,
      "min": 0.0,
      "max": 0.8993055820465088,
      "p01": 0.0,
      "p99": 0.8888888955116272,
      "count": 9324544
    },
    {
      "name": "t",
      "mean": 0.48024824261665344,
      "std": 0.2809748351573944,
      "min": 0.0,
      "max": 0.9765622615814209,
      "p01": 0.009475219994783401,
      "p99": 0.9664793610572815,
      "count": 9324544
    },
    {
      "name": "p",
      "mean": 0.6879095435142517,
      "std": 0.46334657073020935,
      "min": 0.0,
      "max": 1.0,
      "p01": 0.0,
      "p99": 1.0,
      "count": 9324544
    },
    {
      "name": "d",
      "mean": 0.5765748620033264,
      "std": 0.2509486675262451,
      "min": 0.0,
      "max": 1.0,
      "p01": 0.006196903381496669,
      "p99": 0.9983217716217041,
      "count": 9324544
    },
    {
      "name": "L_star",
      "mean": 0.3289515972137451,
      "std": 0.17768265306949615,
      "min": 0.0,
      "max": 0.9999811053276062,
      "p01": 0.0,
      "p99": 0.9749250560998921,
      "count": 9324544
    },
    {
      "name": "C",
      "mean": 0.4269244968891144,
      "std": 0.41307660937309265,
      "min": 0.0,
      "max": 1.0,
      "p01": 0.0,
      "p99": 1.0,
      "count": 9324544
    },
    {
      "name": "T",
      "mean": 0.6921988129615784,
      "std": 0.09567569196224213,
      "min": 0.24174149334430695,
      "max": 1.0,
      "p01": 0.49724952310323717,
      "p99": 0.9995516538619995,
      "count": 9324544
    }
  ]
}
