predict-val:   0%|          | 0/24 [00:00<?, ?sample/s]predict-val:   4%|▍         | 1/24 [00:00<00:02,  9.58sample/s]predict-val:  12%|█▎        | 3/24 [00:00<00:01, 10.74sample/s]predict-val:  21%|██        | 5/24 [00:00<00:01, 12.37sample/s]predict-val:  29%|██▉       | 7/24 [00:00<00:01, 14.57sample/s]predict-val:  38%|███▊      | 9/24 [00:00<00:01, 14.18sample/s]predict-val:  46%|████▌     | 11/24 [00:00<00:00, 13.81sample/s]predict-val:  54%|█████▍    | 13/24 [00:00<00:00, 14.11sample/s]predict-val:  62%|██████▎   | 15/24 [00:01<00:00, 14.80sample/s]predict-val:  71%|███████   | 17/24 [00:01<00:00,  9.35sample/s]predict-val:  83%|████████▎ | 20/24 [00:01<00:00, 11.74sample/s]predict-val:  92%|█████████▏| 22/24 [00:01<00:00, 12.97sample/s]predict-val: 100%|██████████| 24/24 [00:02<00:00,  7.12sample/s]predict-val: 100%|██████████| 24/24 [00:02<00:00, 10.26sample/s]
{
  "txt_count": 24,
  "zip": "/root/EV-UAV/log/versions/v2.1.0-v002-improvement-suite/submission/v002_slope_0p005_best_submission.zip"
}
free(): invalid pointer
{
  "best_variant": {
    "variant": "v002_slope_0p005",
    "negative_slope": "0.005",
    "pos_weight": "1.0",
    "dice_weight": "0.0",
    "k": "3",
    "t": "5",
    "best_epoch": "49",
    "iou": 0.652904051277635,
    "seg_acc": "0.8101547949806125",
    "pd": "0.8628727425451491",
    "fa": "0.00010876072853037739",
    "model_path": "/root/EV-UAV/log/versions/v2.1.0-v002-improvement-suite/models/v002_slope_0p005/best_iou_seed37.pt",
    "summary_path": "/root/EV-UAV/log/versions/v2.1.0-v002-improvement-suite/results/v002_slope_0p005_summary.json"
  },
  "baseline_v002": {
    "variant": "v0.0.2_leaky_relu",
    "iou": 0.351111,
    "seg_acc": 0.710027,
    "pd": 0.796304,
    "fa": 0.001275
  },
  "submission": {
    "zip_path": "/root/EV-UAV/log/versions/v2.1.0-v002-improvement-suite/submission/v002_slope_0p005_best_submission.zip",
    "file_count": 24,
    "has_nested_dir": false,
    "valid_file_count": true
  }
}
